[backblue.gif]
[fade.gif]
[index.html]
[studentportal.bdu.edu.et/favicon.ico]
[studentportal.bdu.edu.et/js/vendor1366.js]
[studentportal.bdu.edu.et/index.html]
[studentportal.bdu.edu.et/css/devextreme/fonts/Roboto-300.woff2]
[studentportal.bdu.edu.et/css/devextreme/fonts/Roboto-300.woff]
[studentportal.bdu.edu.et/css/devextreme/fonts/Roboto-300.ttf]
[studentportal.bdu.edu.et/css/devextreme/fonts/Roboto-400.woff2]
[studentportal.bdu.edu.et/css/devextreme/fonts/Roboto-400.woff]
[studentportal.bdu.edu.et/css/devextreme/fonts/Roboto-400.ttf]
[studentportal.bdu.edu.et/css/devextreme/fonts/Roboto-500.woff2]
[studentportal.bdu.edu.et/css/devextreme/fonts/Roboto-500.woff]
[studentportal.bdu.edu.et/css/devextreme/fonts/Roboto-500.ttf]
[studentportal.bdu.edu.et/css/devextreme/fonts/Roboto-700.woff2]
[studentportal.bdu.edu.et/css/devextreme/fonts/Roboto-700.woff]
[studentportal.bdu.edu.et/css/devextreme/fonts/Roboto-700.ttf]
[studentportal.bdu.edu.et/css/devextreme/icons/dxiconsmaterial.woff2]
[studentportal.bdu.edu.et/css/devextreme/icons/dxiconsmaterial.woff]
[studentportal.bdu.edu.et/css/devextreme/icons/dxiconsmaterial.ttf]
[studentportal.bdu.edu.et/css/vendor1cb0.css]
[studentportal.bdu.edu.et/css/Site.css]
[studentportal.bdu.edu.et/css/amb.css]
[studentportal.bdu.edu.et/css/cr.css]
[studentportal.bdu.edu.et/css/grid.html]
[studentportal.bdu.edu.et/Account/Login.html]
